
> wschat-web@0.1.0 dev
> vite --host 0.0.0.0


  [32m[1mVITE[22m v6.4.3[39m  [2mready in [0m[1m488[22m[2m[0m ms[22m

  [32m➜[39m  [1mLocal[22m:   [36mhttp://localhost:[1m3000[22m/[39m
  [32m➜[39m  [1mNetwork[22m: [36mhttp://10.61.48.213:[1m3000[22m/[39m
  [32m➜[39m  [1mNetwork[22m: [36mhttp://169.254.71.104:[1m3000[22m/[39m
  [32m➜[39m  [1mNetwork[22m: [36mhttp://192.168.120.1:[1m3000[22m/[39m
[2m16:38:04[22m [36m[1m[vite][22m[39m [90m[2m(client)[22m[39m [32mhmr update [39m[2m/src/components/Layout.tsx[22m
[2m16:38:09[22m [36m[1m[vite][22m[39m [90m[2m(client)[22m[39m [32mhmr update [39m[2m/src/pages/Chat.tsx[22m
[2m16:38:32[22m [36m[1m[vite][22m[39m [90m[2m(client)[22m[39m [32mhmr update [39m[2m/src/pages/Chat.tsx[22m
[2m16:41:21[22m [36m[1m[vite][22m[39m [90m[2m(client)[22m[39m [32mhmr update [39m[2m/src/components/Layout.tsx[22m
[2m16:43:28[22m [36m[1m[vite][22m[39m [90m[2m(client)[22m[39m [32mhmr update [39m[2m/src/pages/Contacts.tsx[22m
[2m16:43:38[22m [36m[1m[vite][22m[39m [90m[2m(client)[22m[39m [32mhmr update [39m[2m/src/pages/Contacts.tsx[22m
[2m16:44:33[22m [36m[1m[vite][22m[39m [90m[2m(client)[22m[39m [32mhmr update [39m[2m/src/components/Layout.tsx[22m
[2m16:45:56[22m [36m[1m[vite][22m[39m [90m[2m(client)[22m[39m [32mhmr update [39m[2m/src/components/Layout.tsx[22m
[2m16:48:58[22m [36m[1m[vite][22m[39m [90m[2m(client)[22m[39m [32mhmr update [39m[2m/src/components/Layout.tsx[22m
[2m16:49:09[22m [36m[1m[vite][22m[39m [90m[2m(client)[22m[39m [32mhmr update [39m[2m/src/pages/Chat.tsx[22m
[2m16:49:20[22m [36m[1m[vite][22m[39m [90m[2m(client)[22m[39m [32mhmr update [39m[2m/src/components/SessionList.tsx[22m
[2m16:55:38[22m [36m[1m[vite][22m[39m [90m[2m(client)[22m[39m [32mhmr update [39m[2m/src/components/Layout.tsx[22m
[2m16:56:26[22m [36m[1m[vite][22m[39m [90m[2m(client)[22m[39m [32mhmr update [39m[2m/src/components/Layout.tsx[22m
[2m16:58:08[22m [36m[1m[vite][22m[39m [90m[2m(client)[22m[39m [32mhmr update [39m[2m/src/components/SessionList.tsx[22m
[2m17:03:37[22m [36m[1m[vite][22m[39m [90m[2m(client)[22m[39m [32mhmr update [39m[2m/src/pages/Chat.tsx[22m
[2m17:05:16[22m [36m[1m[vite][22m[39m [90m[2m(client)[22m[39m [32mhmr update [39m[2m/src/components/SessionList.tsx[22m
[2m17:05:30[22m [36m[1m[vite][22m[39m [90m[2m(client)[22m[39m [32mhmr update [39m[2m/src/components/Layout.tsx[22m
[2m17:05:46[22m [36m[1m[vite][22m[39m [90m[2m(client)[22m[39m [32mhmr update [39m[2m/src/components/Layout.tsx[22m
[2m17:07:11[22m [36m[1m[vite][22m[39m [90m[2m(client)[22m[39m [32mhmr update [39m[2m/src/components/SessionList.tsx[22m
[2m23:59:28[22m [36m[1m[vite][22m[39m [90m[2m(client)[22m[39m [32mhmr update [39m[2m/src/App.tsx, /src/pages/Login.tsx, /src/components/MessageInput.tsx, /src/pages/Contacts.tsx, /src/pages/Groups.tsx, /src/components/Layout.tsx, /src/components/SessionList.tsx, /src/components/MessageList.tsx, /src/pages/Chat.tsx, /src/pages/Register.tsx[22m
[2m23:59:32[22m [36m[1m[vite][22m[39m [90m[2m(client)[22m[39m [32mhmr update [39m[2m/src/App.tsx, /src/pages/Login.tsx, /src/components/MessageInput.tsx, /src/pages/Contacts.tsx, /src/pages/Groups.tsx, /src/components/Layout.tsx, /src/components/SessionList.tsx, /src/components/MessageList.tsx, /src/pages/Chat.tsx, /src/pages/Register.tsx[22m
[2m00:00:24[22m [36m[1m[vite][22m[39m [90m[2m(client)[22m[39m [32mhmr update [39m[2m/src/pages/Contacts.tsx[22m
[2m00:01:04[22m [36m[1m[vite][22m[39m [90m[2m(client)[22m[39m [32mhmr update [39m[2m/src/pages/Groups.tsx[22m
